// Jest Snapshot v1, https://goo.gl/fbAQLP

exports[`expect to render IconSearch component 1`] = `ShallowWrapper {}`;
