// Jest Snapshot v1, https://goo.gl/fbAQLP

exports[`expect to render ListItem component 1`] = `ShallowWrapper {}`;
