// Jest Snapshot v1, https://goo.gl/fbAQLP

exports[`expect to render Breadcrumb component 1`] = `ShallowWrapper {}`;
