// Jest Snapshot v1, https://goo.gl/fbAQLP

exports[`expect to render Layout component 1`] = `ShallowWrapper {}`;
