// Jest Snapshot v1, https://goo.gl/fbAQLP

exports[`expect to render ErrorFallback component 1`] = `ShallowWrapper {}`;
