// Jest Snapshot v1, https://goo.gl/fbAQLP

exports[`expect to render IconShipping component 1`] = `ShallowWrapper {}`;
