// Jest Snapshot v1, https://goo.gl/fbAQLP

exports[`expect to render Logo component 1`] = `ShallowWrapper {}`;
